<!-- imagescroller plugin info -->
<h1>Imagescroller_XH â€“ 1.0beta3</h1>
<div>
  <h2>System check</h2>
  <p class="xh_fail">PHP version is at least 5.4.0: failure</p>
  <p class="xh_fail">PHP extension 'json' is loaded: failure</p>
  <p class="xh_fail">CMSimple_XH version is at least 1.6.3: failure</p>
  <p class="xh_fail">CMSimple_XH plugin 'jquery' is installed: failure</p>
  <p class="xh_warning">'./plugins/imagescroller/config/' is writable: warning</p>
  <p class="xh_warning">'./plugins/imagescroller/css/' is writable: warning</p>
  <p class="xh_warning">'./plugins/imagescroller/languages/' is writable: warning</p>
</div>
