<!-- imagescroller overview -->
<section id="imagescroller_admin">
  <h1>Imagescroller â€“ Galleries</h1>
  <form method="get">
    <input type="hidden" name="selected" value="imagescroller">
    <input type="hidden" name="admin" value="plugin_main">
    <table>
      <tr>
        <td><input type="radio" name="imagescroller_gallery" value="gallery1"></td>
        <td>gallery1</td>
      </tr>
      <tr>
        <td><input type="radio" name="imagescroller_gallery" value="gallery2"></td>
        <td>gallery2</td>
      </tr>
      <tr>
        <td><input type="radio" name="imagescroller_gallery" value="gallery3"></td>
        <td>gallery3</td>
      </tr>
    </table>
    <p>
      <button name="action" value="create">Create gallery from folder</button>
    </p>
  </form>
</section>
