<!-- imagescroller admin -->
<section id="imagescroller_admin">
  <h1>Imagescroller â€“ Galleries</h1>
  <form method="post">
    <p>
      <textarea name="imagescroller_contents">Image: image1
%%
Image: image2
%%
Image: image3</textarea>
    </p>
    <p>
      <button name="imagescroller_do">Save gallery</button>
    </p>
  </form>
</section>
