<p class="xh_fail">The gallery &quot;missing&quot; does not exist!</p>
