<!-- imagescroller admin -->
<section id="imagescroller_admin">
  <h1>Imagescroller â€“ Galleries</h1>
  <form method="post">
    <input type="hidden" name="imagescroller_token" value="">
    <p>
      <textarea name="imagescroller_contents">Image: image1.jpg
%%
Image: image2.jpg
%%
Image: image3.jpg</textarea>
    </p>
    <p>
      <button name="imagescroller_do">Save gallery</button>
    </p>
  </form>
</section>
